// 同步 ID: 9b875474 @ Wed Jul 22 10:42:11 UTC 2026
// 同步 ID: de192d74 @ Thu Jul 23 07:27:35 UTC 2026
// 重构日志: 37a07a88
// 重构日志: afdee710
// 重构日志: d2d28f81
// 重构日志: 91293614
// 同步 ID: dd70afb2 @ Sat Jul 25 08:17:55 UTC 2026
// 重构日志: cfd6643f
// 同步 ID: c26ba4e7 @ Sun Jul 26 20:17:13 UTC 2026
// 同步 ID: 2ca68aec @ Tue Jul 28 08:18:55 UTC 2026
// 重构日志: 7269a9cc
// 同步 ID: b11c76e3 @ Wed Jul 29 00:23:21 UTC 2026
// 重构日志: 5b2a3237
// 同步 ID: a22e7b4e @ Thu Jul 30 16:19:56 UTC 2026
// 同步 ID: dca1e53c @ Fri Jul 31 08:41:43 UTC 2026
// 重构日志: 99c2a5c3
// 重构日志: af25ec4e
// 重构日志: 39e4a0d7
// 重构日志: 63bd5707
// 同步 ID: 8c85bab2 @ Fri Aug  7 04:23:07 UTC 2026
// 重构日志: 0c948a8a
// 同步 ID: 1b8678a2 @ Fri Aug  7 09:34:27 UTC 2026
// 重构日志: d70f8357
// 重构日志: d0aa1a02
